// Jest Snapshot v1, https://goo.gl/fbAQLP

exports[`Weather city page should match snapshot 1`] = `ShallowWrapper {}`;
